usart.c:55:6:MX_USART6_UART_Init	8	static
usart.c:85:6:HAL_UART_MspInit	48	static
usart.c:155:6:HAL_UART_MspDeInit	16	static
usart.c:189:6:usartStart	8	static
usart.c:195:6:usartRecvBlocking	24	static
usart.c:248:6:usartSendBlocking	24	static
usart.c:263:13:usartInit	16	static
usart.c:272:13:usartRecv	16	static,ignoring_inline_asm
usart.c:279:13:HAL_UART_RxCpltCallback	16	static
usart.c:283:13:HAL_UART_RxHalfCpltCallback	16	static
usart.c:287:13:HAL_UART_TxCpltCallback	24	static,ignoring_inline_asm
